**********************
Windows PowerShell transcript start
Start time: 20231017160624
Username: DESKTOP-5E8KKA7\KOTA VENKATESHWARA R
RunAs User: DESKTOP-5E8KKA7\KOTA VENKATESHWARA R
Configuration Name: 
Machine: DESKTOP-5E8KKA7 (Microsoft Windows NT 10.0.19045.0)
Host Application: C:\WINDOWS\System32\WindowsPowerShell\v1.0\powershell.exe -noexit -command try { . "c:\Users\KOTA VENKATESHWARA R\AppData\Local\Programs\Microsoft VS Code\resources\app\out\vs\workbench\contrib\terminal\browser\media\shellIntegration.ps1" } catch {}
Process ID: 12916
PSVersion: 5.1.19041.3031
PSEdition: Desktop
PSCompatibleVersions: 1.0, 2.0, 3.0, 4.0, 5.0, 5.1.19041.3031
BuildVersion: 10.0.19041.3031
CLRVersion: 4.0.30319.42000
WSManStackVersion: 3.0
PSRemotingProtocolVersion: 2.3
SerializationVersion: 1.1.0.1
**********************
Transcript started, output file is d:\Cpro\fpc-advanced-classroom-1st-year-assignment-Siva117-star\set01\problem07_session.txt
PS D:\Cpro\fpc-advanced-classroom-1st-year-assignment-Siva117-star\set01> gcc -g "d:\Cpro\fpc-advanced-classroom-1st-year-assignment-Siva117-star\set01\problem07.c" -o "d:\Cpro\fpc-advanced-classroom-1st-year-assignment-Siva117-star\set01\problem07.exe" 2>&1

PS D:\Cpro\fpc-advanced-classroom-1st-year-assignment-Siva117-star\set01> "d:\Cpro\fpc-advanced-classroom-1st-year-assignment-Siva117-star\set01\problem07.exe"
d:\Cpro\fpc-advanced-classroom-1st-year-assignment-Siva117-star\set01\problem07.exe
PS D:\Cpro\fpc-advanced-classroom-1st-year-assignment-Siva117-star\set01> gcc .\problem07.c

PS D:\Cpro\fpc-advanced-classroom-1st-year-assignment-Siva117-star\set01> ./a.out
./a.out : The term './a.out' is not recognized as the name of a cmdlet, function, script file, or operable program. 
Check the spelling of the name, or if a path was included, verify that the path is correct and try again.
At line:1 char:1
+ ./a.out
+ ~~~~~~~
    + CategoryInfo          : ObjectNotFound: (./a.out:String) [], CommandNotFoundException
    + FullyQualifiedErrorId : CommandNotFoundException
./a.out : The term './a.out' is not recognized as the name of a cmdlet, function, script file, or operable program. Check the spelling of
the name, or if a path was included, verify that the path is correct and try again.
At line:1 char:1
+ ./a.out
+ ~~~~~~~
    + CategoryInfo          : ObjectNotFound: (./a.out:String) [], CommandNotFoundException
    + FullyQualifiedErrorId : CommandNotFoundException

PS D:\Cpro\fpc-advanced-classroom-1st-year-assignment-Siva117-star\set01> ./a.exe
Su
PS D:\Cpro\fpc-advanced-classroom-1st-year-assignment-Siva117-star\set01> gcc -g "d:\Cpro\fpc-advanced-classroom-1st-year-assignment-Siva117-star\set01\problem07.c" -o "d:\Cpro\fpc-advanced-classroom-1st-year-assignment-Siva117-star\set01\problem07.exe" 2>&1

PS D:\Cpro\fpc-advanced-classroom-1st-year-assignment-Siva117-star\set01> "d:\Cpro\fpc-advanced-classroom-1st-year-assignment-Siva117-star\set01\problem07.exe"
d:\Cpro\fpc-advanced-classroom-1st-year-assignment-Siva117-star\set01\problem07.exe
PS D:\Cpro\fpc-advanced-classroom-1st-year-assignment-Siva117-star\set01> .\problem07.exe
Sum is 3
PS D:\Cpro\fpc-advanced-classroom-1st-year-assignment-Siva117-star\set01> Start-Transcript -Path "d:\Cpro\fpc-advanced-classroom-1st-year-assignment-Siva117-star\set01\problem01_session.txt"
**********************
Windows PowerShell transcript end
End time: 20231017160846
**********************
